// Jest Snapshot v1, https://goo.gl/fbAQLP

exports[`Term Store Admin Center Page Dashboard should render same as previous 1`] = `
Array [
  <div
    className="headerContainer"
  >
    <h1>
      Term Store Admin Center
    </h1>
  </div>,
  <div
    className="dashboard"
  >
    <div
      className="treeContainer"
    >
      <div
        className="treeNode"
        onMouseEnter={[Function]}
        onMouseLeave={[Function]}
        style={
          Object {
            "display": "flex",
            "paddingLeft": 0,
          }
        }
      >
        <span
          data-automation-id="treeNodeToggleChevron"
          onClick={[Function]}
          role="button"
        >
          <i
            aria-hidden={true}
            className="treeNodeIcon root-51"
            data-icon-name="ChevronRightMed"
            role="presentation"
          >
            
          </i>
        </span>
        <i
          aria-hidden={true}
          className="root-53"
          data-icon-name="FabricFolderFill"
          role="presentation"
          style={
            Object {
              "marginRight": 5,
            }
          }
        >
          
        </i>
        <span
          data-automation-id="treeNodeDisplayName"
          onClick={[Function]}
          role="button"
          style={
            Object {
              "whiteSpace": "nowrap",
              "width": "100%",
            }
          }
        >
          test
        </span>
        <button
          className="ms-Button ms-Button--icon root-54"
          data-is-focusable={true}
          onClick={[Function]}
          onKeyDown={[Function]}
          onKeyPress={[Function]}
          onKeyUp={[Function]}
          onMouseDown={[Function]}
          onMouseUp={[Function]}
          style={
            Object {
              "visibility": "hidden",
            }
          }
          type="button"
        >
          <div
            className="ms-Button-flexContainer flexContainer-55"
          >
            <i
              aria-hidden={true}
              className="ms-Button-icon icon-62"
              data-icon-name="MoreVertical"
              role="presentation"
            >
              
            </i>
          </div>
        </button>
      </div>
    </div>
    <div
      className="rightPane"
    >
      <div
        style={
          Object {
            "marginLeft": "20px",
          }
        }
      >
        <h3>
          TERM_STORE
        </h3>
      </div>
    </div>
  </div>,
]
`;
